// Jest Snapshot v1, https://goo.gl/fbAQLP

exports[`<Nav /> should match the snapshot 1`] = `
.c0 {
  display: -webkit-box;
  display: -webkit-flex;
  display: -ms-flexbox;
  display: flex;
  margin-right: -1rem;
}

.c1 {
  cursor: pointer;
  -webkit-text-decoration: none;
  text-decoration: none;
  display: -webkit-box;
  display: -webkit-flex;
  display: -ms-flexbox;
  display: flex;
  padding: 0.25rem 1rem;
  font-size: 0.875rem;
  font-weight: 500;
  -webkit-align-items: center;
  -webkit-box-align: center;
  -ms-flex-align: center;
  align-items: center;
}

.c1:hover {
  opacity: 0.8;
}

.c1:active {
  opacity: 0.4;
}

.c1 .icon {
  margin-right: 0.25rem;
}

<nav
  class="c0"
>
  <a
    class="c1"
    href="/signin"
    title="Sign In"
  >
    <svg
      class="icon"
      fill="currentColor"
      height="1em"
      stroke="currentColor"
      stroke-width="0"
      viewBox="0 0 16 16"
      width="1em"
      xmlns="http://www.w3.org/2000/svg"
    >
      <path
        clip-rule="evenodd"
        d="M3 14s-1 0-1-1 1-4 6-4 6 3 6 4-1 1-1 1H3zm5-6a3 3 0 100-6 3 3 0 000 6z"
        fill-rule="evenodd"
      />
    </svg>
    Sign In
  </a>
  <a
    class="c1"
    href="/signup"
    title="Sign Up"
  >
    <svg
      class="icon"
      fill="currentColor"
      height="1em"
      stroke="currentColor"
      stroke-width="0"
      viewBox="0 0 16 16"
      width="1em"
      xmlns="http://www.w3.org/2000/svg"
    >
      <path
        clip-rule="evenodd"
        d="M1 14s-1 0-1-1 1-4 6-4 6 3 6 4-1 1-1 1H1zm5-6a3 3 0 100-6 3 3 0 000 6zm7.5-3a.5.5 0 01.5.5v2a.5.5 0 01-.5.5h-2a.5.5 0 010-1H13V5.5a.5.5 0 01.5-.5z"
        fill-rule="evenodd"
      />
      <path
        clip-rule="evenodd"
        d="M13 7.5a.5.5 0 01.5-.5h2a.5.5 0 010 1H14v1.5a.5.5 0 01-1 0v-2z"
        fill-rule="evenodd"
      />
    </svg>
    Sign Up
  </a>
</nav>
`;
