// Jest Snapshot v1, https://goo.gl/fbAQLP

exports[`<Masthead /> should render and match the snapshot 1`] = `
<Masthead__Wrapper>
  <Masthead__Image
    alt=""
    src="/facialrecognition.png"
  />
</Masthead__Wrapper>
`;
